// Jest Snapshot v1, https://goo.gl/fbAQLP

exports[`render should match the snapshot 1`] = `
<Layout>
  <Memo(GlobalStyleComponent) />
  <Header>
    <h1>
      Weather Application
    </h1>
  </Header>
  <Content>
    <ComposedComponent />
  </Content>
  <Footer>
    @2020 Created by Thien Vo
  </Footer>
</Layout>
`;
