// Jest Snapshot v1, https://goo.gl/fbAQLP

exports[`render should match the snapshot 1`] = `
<Styled(Search)
  loading={false}
  onSearch={[Function]}
  placeholder="Enter city name..."
/>
`;
