// Jest Snapshot v1, https://goo.gl/fbAQLP

exports[`render should match the snapshot 1`] = `
<Result
  status="warning"
  title="city not found"
/>
`;
