// Jest Snapshot v1, https://goo.gl/fbAQLP

exports[`render should match the snapshot 1`] = `
<Styled(Row)>
  <WeatherCard
    dayOfWeek="Tuesday"
    icon="https://openweathermap.org/img/wn/10n@2x.png"
    id={1}
    key="1"
    state="Rain"
    temperCur="29 °C"
    temperMax="31 °C"
    temperMin="29 °C"
  />
</Styled(Row)>
`;
